#
# There is insufficient memory for the Java Runtime Environment to continue.
# Native memory allocation (malloc) failed to allocate 1048576 bytes. Error detail: AllocateHeap
# Possible reasons:
#   The system is out of physical RAM or swap space
#   This process is running with CompressedOops enabled, and the Java Heap may be blocking the growth of the native heap
# Possible solutions:
#   Reduce memory load on the system
#   Increase physical memory or swap space
#   Check if swap backing store is full
#   Decrease Java heap size (-Xmx/-Xms)
#   Decrease number of Java threads
#   Decrease Java thread stack sizes (-Xss)
#   Set larger code cache with -XX:ReservedCodeCacheSize=
#   JVM is running with Unscaled Compressed Oops mode in which the Java heap is
#     placed in the first 4GB address space. The Java Heap base address is the
#     maximum limit for the native heap growth. Please use -XX:HeapBaseMinAddress
#     to set the Java Heap base and to place the Java Heap above 4GB virtual address.
# This output file may be truncated or incomplete.
#
#  Out of Memory Error (allocation.cpp:42), pid=26932, tid=24052
#
# JRE version:  (25.0.2+1) (build )
# Java VM: OpenJDK 64-Bit Server VM (25.0.2+1-b329.72, mixed mode, sharing, tiered, compressed oops, compressed class ptrs, g1 gc, windows-amd64)
# No core dump will be written. Minidumps are not enabled by default on client versions of Windows
#

---------------  S U M M A R Y ------------

Command Line: git4idea.http.GitAskPassApp Username for 'https://github.com': 

Host: 13th Gen Intel(R) Core(TM) i5-13500H, 16 cores, 15G,  Windows 11 , 64 bit Build 26100 (10.0.26100.8328)
Time: Mon Jun 15 22:01:18 2026 SE Asia Standard Time elapsed time: 0.028384 seconds (0d 0h 0m 0s)

---------------  T H R E A D  ---------------

Current thread (0x000001433e680f40):  JavaThread "Unknown thread" [_thread_in_vm, id=24052, stack(0x0000002551b00000,0x0000002551c00000) (1024K)]

Stack: [0x0000002551b00000,0x0000002551c00000]
Native frames: (J=compiled Java code, j=interpreted, Vv=VM code, C=native code)
V  [jvm.dll+0x7c0b19]  (no source info available)
V  [jvm.dll+0x78a2ed]  (no source info available)
V  [jvm.dll+0xa0e563]  (no source info available)
V  [jvm.dll+0xa10d5c]  (no source info available)
V  [jvm.dll+0xa11453]  (no source info available)
V  [jvm.dll+0x307b86]  (no source info available)
V  [jvm.dll+0xf9637]  (no source info available)
V  [jvm.dll+0x3c9bb8]  (no source info available)
V  [jvm.dll+0x9d489b]  (no source info available)
V  [jvm.dll+0x466ce2]  (no source info available)
V  [jvm.dll+0x9b8019]  (no source info available)
V  [jvm.dll+0x508951]  (no source info available)
V  [jvm.dll+0x50a2c1]  (no source info available)
C  [jli.dll+0x541a]  (no source info available)
C  [ucrtbase.dll+0x37b0]  (no source info available)
C  [KERNEL32.DLL+0x2e957]  (no source info available)
C  [ntdll.dll+0x427c]  (no source info available)

Lock stack of current Java thread (top to bottom):


---------------  P R O C E S S  ---------------

Threads class SMR info:
_java_thread_list=0x00007ffd652f9108, length=0, elements={
}

Java Threads: ( => current thread )
Total: 0

Other Threads:

=>0x000001433e680f40 (exited) JavaThread "Unknown thread"    [_thread_in_vm, id=24052, stack(0x0000002551b00000,0x0000002551c00000) (1024K)]
Total: 1

Threads with active compile tasks:
Total: 0

VM state: not at safepoint (not fully initialized)

VM Mutex/Monitor currently owned by a thread: None

Heap address: 0x0000000000000000, size: 0 MB, Compressed Oops mode: 32-bit

CDS archive(s) mapped at: [0x0000000000000000-0x0000000000000000-0x0000000000000000), size 0, SharedBaseAddress: 0x0000000800000000, ArchiveRelocationMode: 1.
UseCompressedClassPointers 1, UseCompactObjectHeaders 0
Narrow klass pointer bits 32, Max shift 3
Narrow klass base: 0xffffffffffffffff, Narrow klass shift: -1
Encoding Range: [0xffffffffffffffff - 0x000000007fffffff), (2147483648 bytes)
Klass Range:    [0x0000000000000000 - 0x0000000000000000), (0 bytes)
Klass ID Range:  [4294967295 - 0) (1)
No protection zone.

GC Precious Log:
 CardTable entry size: 512
 Card Set container configuration: InlinePtr #cards 4 size 8 Array Of Cards #cards 16 size 48 Howl #buckets 8 coarsen threshold 3686 Howl Bitmap #cards 512 size 80 coarsen threshold 460 Card regions per heap region 1 cards per card region 4096

GC Heap Usage History (0 events):
No events

Metaspace Usage History (0 events):
No events

Dll operation events (1 events):
Event: 0.021 Loaded shared library D:\IntelliJ\IntelliJ IDEA 2026.1\jbr\bin\java.dll

Deoptimization events (0 events):
No events

Classes loaded (0 events):
No events

Classes unloaded (0 events):
No events

Classes redefined (0 events):
No events

Internal exceptions (0 events):
No events

VM Operations (0 events):
No events

Memory protections (0 events):
No events

Nmethod flushes (0 events):
No events

Events (0 events):
No events


Dynamic libraries:
0x00007ff6941c0000 - 0x00007ff6941ca000 	D:\IntelliJ\IntelliJ IDEA 2026.1\jbr\bin\java.exe
0x00007ffe3f220000 - 0x00007ffe3f487000 	C:\WINDOWS\SYSTEM32\ntdll.dll
0x00007ffe3da80000 - 0x00007ffe3db49000 	C:\WINDOWS\System32\KERNEL32.DLL
0x00007ffe3bc50000 - 0x00007ffe3c047000 	C:\WINDOWS\System32\KERNELBASE.dll
0x00007ffe3cda0000 - 0x00007ffe3ceeb000 	C:\WINDOWS\System32\ucrtbase.dll
0x00007ffe285a0000 - 0x00007ffe285be000 	D:\IntelliJ\IntelliJ IDEA 2026.1\jbr\bin\VCRUNTIME140.dll
0x00007ffe24440000 - 0x00007ffe24457000 	D:\IntelliJ\IntelliJ IDEA 2026.1\jbr\bin\jli.dll
0x00007ffe3d1b0000 - 0x00007ffe3d376000 	C:\WINDOWS\System32\USER32.dll
0x00007ffe3c110000 - 0x00007ffe3c137000 	C:\WINDOWS\System32\win32u.dll
0x00007ffe18a90000 - 0x00007ffe18d22000 	C:\WINDOWS\WinSxS\amd64_microsoft.windows.common-controls_6595b64144ccf1df_6.0.26100.8457_none_3e0b2faee331e92d\COMCTL32.dll
0x00007ffe3e550000 - 0x00007ffe3e57b000 	C:\WINDOWS\System32\GDI32.dll
0x00007ffe3d100000 - 0x00007ffe3d1a9000 	C:\WINDOWS\System32\msvcrt.dll
0x00007ffe3c350000 - 0x00007ffe3c47c000 	C:\WINDOWS\System32\gdi32full.dll
0x00007ffe3cef0000 - 0x00007ffe3cf93000 	C:\WINDOWS\System32\msvcp_win.dll
0x00007ffe3d410000 - 0x00007ffe3d442000 	C:\WINDOWS\System32\IMM32.DLL
0x00007ffe285c0000 - 0x00007ffe285cc000 	D:\IntelliJ\IntelliJ IDEA 2026.1\jbr\bin\vcruntime140_1.dll
0x00007ffe1df70000 - 0x00007ffe1dff9000 	D:\IntelliJ\IntelliJ IDEA 2026.1\jbr\bin\msvcp140.dll
0x00007ffd64530000 - 0x00007ffd65482000 	D:\IntelliJ\IntelliJ IDEA 2026.1\jbr\bin\server\jvm.dll
0x00007ffe3d8e0000 - 0x00007ffe3d996000 	C:\WINDOWS\System32\ADVAPI32.dll
0x00007ffe3e4a0000 - 0x00007ffe3e547000 	C:\WINDOWS\System32\sechost.dll
0x00007ffe3e380000 - 0x00007ffe3e498000 	C:\WINDOWS\System32\RPCRT4.dll
0x00007ffe3d9f0000 - 0x00007ffe3da70000 	C:\WINDOWS\System32\WS2_32.dll
0x00007ffe3b430000 - 0x00007ffe3b48e000 	C:\WINDOWS\SYSTEM32\POWRPROF.dll
0x00007ffe218b0000 - 0x00007ffe218bb000 	C:\WINDOWS\SYSTEM32\VERSION.dll
0x00007ffe2f4d0000 - 0x00007ffe2f506000 	C:\WINDOWS\SYSTEM32\WINMM.dll
0x00007ffe3b410000 - 0x00007ffe3b424000 	C:\WINDOWS\SYSTEM32\UMPDC.dll
0x00007ffe3a9b0000 - 0x00007ffe3a9cb000 	C:\WINDOWS\SYSTEM32\kernel.appcore.dll
0x00007ffe26ac0000 - 0x00007ffe26aca000 	D:\IntelliJ\IntelliJ IDEA 2026.1\jbr\bin\jimage.dll
0x00007ffe39c80000 - 0x00007ffe39ec2000 	C:\WINDOWS\SYSTEM32\DBGHELP.DLL
0x00007ffe3dbd0000 - 0x00007ffe3df53000 	C:\WINDOWS\System32\combase.dll
0x00007ffe3cfa0000 - 0x00007ffe3d079000 	C:\WINDOWS\System32\OLEAUT32.dll
0x00007ffe15680000 - 0x00007ffe156bb000 	C:\WINDOWS\SYSTEM32\dbgcore.DLL
0x00007ffe3ccf0000 - 0x00007ffe3cd98000 	C:\WINDOWS\System32\bcryptPrimitives.dll
0x00007ffe26570000 - 0x00007ffe2658f000 	D:\IntelliJ\IntelliJ IDEA 2026.1\jbr\bin\java.dll
0x00007ffe3e600000 - 0x00007ffe3e797000 	C:\WINDOWS\System32\ole32.dll
0x00007ffe3e7a0000 - 0x00007ffe3ef0e000 	C:\WINDOWS\System32\SHELL32.dll

JVMTI agents: none

dbghelp: loaded successfully - version: 4.0.5 - missing functions: none
symbol engine: initialized successfully - sym options: 0x614 - pdb path: .;D:\IntelliJ\IntelliJ IDEA 2026.1\jbr\bin;C:\WINDOWS\SYSTEM32;C:\WINDOWS\WinSxS\amd64_microsoft.windows.common-controls_6595b64144ccf1df_6.0.26100.8457_none_3e0b2faee331e92d;D:\IntelliJ\IntelliJ IDEA 2026.1\jbr\bin\server

VM Arguments:
java_command: git4idea.http.GitAskPassApp Username for 'https://github.com': 
java_class_path (initial): D:/IntelliJ/IntelliJ IDEA 2026.1/plugins/vcs-git/lib/git4idea-rt.jar;D:/IntelliJ/IntelliJ IDEA 2026.1/lib/externalProcess-rt.jar
Launcher Type: SUN_STANDARD

[Global flags]
     intx CICompilerCount                          = 12                                        {product} {ergonomic}
     uint ConcGCThreads                            = 3                                         {product} {ergonomic}
     uint G1ConcRefinementThreads                  = 13                                        {product} {ergonomic}
   size_t G1HeapRegionSize                         = 2097152                                   {product} {ergonomic}
   size_t InitialHeapSize                          = 264241152                                 {product} {ergonomic}
   size_t MarkStackSize                            = 4194304                                   {product} {ergonomic}
   size_t MaxHeapSize                              = 4198498304                                {product} {ergonomic}
   size_t MinHeapDeltaBytes                        = 2097152                                   {product} {ergonomic}
   size_t MinHeapSize                              = 8388608                                   {product} {ergonomic}
    uintx NonNMethodCodeHeapSize                   = 7602176                                {pd product} {ergonomic}
    uintx NonProfiledCodeHeapSize                  = 122093568                              {pd product} {ergonomic}
    uintx ProfiledCodeHeapSize                     = 121962496                              {pd product} {ergonomic}
    uintx ReservedCodeCacheSize                    = 251658240                              {pd product} {ergonomic}
     bool SegmentedCodeCache                       = true                                      {product} {ergonomic}
   size_t SoftMaxHeapSize                          = 4198498304                             {manageable} {ergonomic}
     bool UseCompressedOops                        = true                           {product lp64_product} {ergonomic}
     bool UseG1GC                                  = true                                      {product} {ergonomic}
     bool UseLargePagesIndividualAllocation        = false                                  {pd product} {ergonomic}

Logging:
Log output configuration:
 #0: stdout all=warning uptime,level,tags foldmultilines=false
 #1: stderr all=off uptime,level,tags foldmultilines=false

Release file:
<release file has not been read>
Environment Variables:
PATH=C:/Program Files/Git/mingw64/libexec/git-core;C:/Program Files/Git/mingw64/libexec/git-core;C:\Program Files\Git\mingw64\bin;C:\Program Files\Git\usr\bin;C:\Users\dangt\bin;C:\Program Files\Common Files\Oracle\Java\javapath;C:\WINDOWS\system32;C:\WINDOWS;C:\WINDOWS\System32\Wbem;C:\WINDOWS\System32\WindowsPowerShell\v1.0\;C:\WINDOWS\System32\OpenSSH\;C:\Program Files\Git\cmd;D:\Git\Git\cmd;D:\Windows Performance Toolkit\;C:\Program Files\nodejs\;C:\Program Files (x86)\Microsoft SQL Server\160\Tools\Binn\;C:\Program Files\Microsoft SQL Server\160\Tools\Binn\;C:\Program Files\Microsoft SQL Server\Client SDK\ODBC\170\Tools\Binn\;C:\Program Files\Microsoft SQL Server\160\DTS\Binn\;C:\Program Files\Microsoft SQL Server\170\Tools\Binn\;C:\Program Files\Docker\Docker\resources\bin;C:\xampp\php;C:\composer;C:\Program Files\dotnet\;C:\Users\dangt\AppData\Local\Microsoft\WindowsApps;D:\IntelliJ\IntelliJ IDEA 2026.1\bin;C:\Users\dangt\AppData\Local\Programs\Microsoft VS Code\bin;C:\Users\dangt\AppData\Roaming\npm;C:\Users\dangt\AppData\Roaming\Composer\vendor\bin;C:\Users\dangt\.dotnet\tools
USERNAME=dangt
DISPLAY=:0.0
LC_ALL=en_US.UTF-8
TERM=xterm-256color
TMPDIR=C:\Users\dangt\AppData\Local\Temp
OS=Windows_NT
PROCESSOR_IDENTIFIER=Intel64 Family 6 Model 186 Stepping 2, GenuineIntel
TMP=C:\Users\dangt\AppData\Local\Temp
TEMP=C:\Users\dangt\AppData\Local\Temp




Compilation memory statistics disabled.

Periodic native trim disabled

JNI global refs:
JNI global refs: 0, weak refs: 0

JNI global refs memory usage: 0, weak refs: 0

Process memory usage:
Resident Set Size: 13596K (0% of 16395500K total physical memory with 753064K free physical memory)

OOME stack traces (most recent first):
Classloader memory used:

---------------  S Y S T E M  ---------------

OS:
 Windows 11 , 64 bit Build 26100 (10.0.26100.8328)
OS uptime: 5 days 5:26 hours
Hyper-V role detected

CPU: total 16 (initial active 16) (8 cores per cpu, 2 threads per core) family 6 model 186 stepping 2 microcode 0x4122, cx8, cmov, fxsr, ht, mmx, 3dnowpref, sse, sse2, sse3, ssse3, sse4.1, sse4.2, popcnt, lzcnt, tsc, tscinvbit, avx, avx2, aes, erms, clmul, bmi1, bmi2, adx, sha, fma, vzeroupper, clflush, clflushopt, clwb, hv, serialize, rdtscp, rdpid, fsrm, gfni, f16c, cet_ibt, cet_ss
Processor Information for processor 0
  Max Mhz: 2600, Current Mhz: 1496, Mhz Limit: 2600
Processor Information for processor 1
  Max Mhz: 2600, Current Mhz: 1496, Mhz Limit: 2600
Processor Information for processor 2
  Max Mhz: 2600, Current Mhz: 1496, Mhz Limit: 2600
Processor Information for processor 3
  Max Mhz: 2600, Current Mhz: 1496, Mhz Limit: 2600
Processor Information for processor 4
  Max Mhz: 2600, Current Mhz: 1496, Mhz Limit: 2600
Processor Information for processor 5
  Max Mhz: 2600, Current Mhz: 1496, Mhz Limit: 2600
Processor Information for processor 6
  Max Mhz: 2600, Current Mhz: 1496, Mhz Limit: 2600
Processor Information for processor 7
  Max Mhz: 2600, Current Mhz: 1496, Mhz Limit: 2600
Processor Information for processor 8
  Max Mhz: 2600, Current Mhz: 1500, Mhz Limit: 1898
Processor Information for processor 9
  Max Mhz: 2600, Current Mhz: 1500, Mhz Limit: 1898
Processor Information for processor 10
  Max Mhz: 2600, Current Mhz: 1500, Mhz Limit: 1898
Processor Information for processor 11
  Max Mhz: 2600, Current Mhz: 1500, Mhz Limit: 1898
Processor Information for processor 12
  Max Mhz: 2600, Current Mhz: 1500, Mhz Limit: 1898
Processor Information for processor 13
  Max Mhz: 2600, Current Mhz: 1500, Mhz Limit: 1898
Processor Information for processor 14
  Max Mhz: 2600, Current Mhz: 1500, Mhz Limit: 1898
Processor Information for processor 15
  Max Mhz: 2600, Current Mhz: 1500, Mhz Limit: 1898

Memory: 4k page, system-wide physical 16011M (735M free)
TotalPageFile size 30591M (AvailPageFile size 21M)
current process WorkingSet (physical memory assigned to process): 13M, peak: 13M
current process commit charge ("private bytes"): 15M, peak: 16M

vm_info: OpenJDK 64-Bit Server VM (25.0.2+1-b329.72) for windows-amd64 JRE (25.0.2+1-b329.72), built on 2026-03-02 with MS VC++ 17.14 (VS2022)

END.
